Number of data registers: 16
0 register bit size: 8
1 register bit size: 8
2 register bit size: 8
3 register bit size: 8
4 register bit size: 8
5 register bit size: 8
6 register bit size: 8
7 register bit size: 8
8 register bit size: 8
9 register bit size: 8
A register bit size: 8
B register bit size: 8
C register bit size: 8
D register bit size: 8
E register bit size: 8
F register bit size: 8
Data registers values sum: 0
I register bit size: 12
I register value: 0
Timer register bit size: 8
Timer register value: 0
Sound register bit size: 8
Sound register value: 0
Memory bit size: 32768
Memory empty: true
Program counter bit size: 12
Program counter value: 0
Stack pointer bit size: 4
Stack pointer value: 0
Stack size: 16
Stack value 0: 0
Stack value 1: 0
Stack value 2: 0
Stack value 3: 0
Stack value 4: 0
Stack value 5: 0
Stack value 6: 0
Stack value 7: 0
Stack value 8: 0
Stack value 9: 0
Stack value A: 0
Stack value B: 0
Stack value C: 0
Stack value D: 0
Stack value E: 0
Stack value F: 0
Display bit height: 32
Number of 64-pixel long display rows: 32
Keypad bit size: 16
Keypad values sum: 0
